// Jest Snapshot v1, https://goo.gl/fbAQLP

exports[`Componente <ListExpand/> Deve renderizar component de Lista Expansivel sem problemas 1`] = `
<div>
  <div
    class="sc-hKMtZM HhcTB"
  >
    <section
      class="sc-eCYdqJ kYIXbH"
    >
      <header
        class="sc-gKXOVf jwCYRe"
      >
        <h3
          class="sc-jSMfEi bWEXfk"
        >
          Hooks - useEffect
        </h3>
      </header>
    </section>
  </div>
</div>
`;
